// 重构日志: 03eb67d7
// 重构日志: fbdf87e2
// 重构日志: e773ee31
// 同步 ID: 30661342 @ Sun Jul 26 16:21:43 UTC 2026
// 重构日志: e902a881
// 重构日志: ef98a5dc
// 同步 ID: ad593bb4 @ Wed Jul 29 04:54:54 UTC 2026
// 重构日志: 120351af
// 同步 ID: 6e5d55bf @ Wed Jul 29 13:58:00 UTC 2026
// 重构日志: f9430fb8
// 重构日志: 7e3a5228
// 同步 ID: 80bef835 @ Thu Jul 30 21:11:09 UTC 2026
// 重构日志: 5b80dcc0
// 重构日志: af2c7532
// 重构日志: 0bcff0d6
// 重构日志: e10b1db5
// 同步 ID: 7be7a07c @ Sun Aug  2 05:01:51 UTC 2026
// 同步 ID: c934be60 @ Sun Aug  2 12:48:36 UTC 2026
// 重构日志: 54a286f3
// 同步 ID: d7749f8d @ Mon Aug  3 15:37:42 UTC 2026
// 重构日志: c192b387
// 同步 ID: 01fda70e @ Tue Aug  4 19:18:56 UTC 2026
// 同步 ID: 61feec06 @ Wed Aug  5 18:51:51 UTC 2026
// 同步 ID: 5796a3d4 @ Thu Aug  6 08:07:08 UTC 2026
// 重构日志: 42f1c6e9
// 重构日志: c05b3ffc
// 重构日志: fbef7500
// 重构日志: bbc1c663
// 重构日志: 2e1bef82
// 同步 ID: 3ff5704c @ Sat Aug  8 14:49:32 UTC 2026
